../Core/Src/main.c:106:5:main	8	static
../Core/Src/main.c:216:6:SystemClock_Config	120	static
../Core/Src/main.c:276:13:MX_TIM2_Init	64	static
../Core/Src/main.c:335:13:MX_TIM6_Init	24	static
../Core/Src/main.c:373:13:MX_UART9_Init	8	static
../Core/Src/main.c:421:13:MX_GPIO_Init	56	static
../Core/Src/main.c:497:6:HAL_TIM_PWM_PulseFinishedCallback	16	static
../Core/Src/main.c:523:6:HAL_UART_RxCpltCallback	32	static
../Core/Src/main.c:581:6:MPU_Config	24	static
../Core/Src/main.c:612:6:Error_Handler	4	static,ignoring_inline_asm
