../Core/Src/main.c:100:5:main	8	static
../Core/Src/main.c:182:6:SystemClock_Config	120	static
../Core/Src/main.c:242:13:MX_TIM6_Init	24	static
../Core/Src/main.c:280:13:MX_UART4_Init	8	static
../Core/Src/main.c:328:13:MX_UART9_Init	8	static
../Core/Src/main.c:376:13:MX_GPIO_Init	56	static
../Core/Src/main.c:443:5:_write	24	static
../Core/Src/main.c:449:6:StepMotor_OnePulse	24	static
../Core/Src/main.c:468:6:HAL_UART_RxCpltCallback	32	static
../Core/Src/main.c:521:6:Debug_UART_Print	16	static
../Core/Src/main.c:526:6:HAL_Delay_us	16	static
../Core/Src/main.c:538:6:MPU_Config	24	static
../Core/Src/main.c:569:6:Error_Handler	4	static,ignoring_inline_asm
